Collecting nbclient
  Downloading nbclient-0.11.0-py3-none-any.whl.metadata (7.3 kB)
Collecting nbconvert
  Downloading nbconvert-7.17.1-py3-none-any.whl.metadata (8.4 kB)
Collecting ipykernel
  Downloading ipykernel-7.3.0-py3-none-any.whl.metadata (4.5 kB)
Collecting torch<3,>=2.2 (from -r requirements.txt (line 1))
  Downloading torch-2.14.0-cp313-cp313-macosx_14_0_arm64.whl.metadata (39 kB)
Collecting pypdf<7,>=5 (from -r requirements.txt (line 2))
  Downloading pypdf-6.19.0-py3-none-any.whl.metadata (7.5 kB)
Collecting jupyter>=1.0 (from -r requirements.txt (line 4))
  Downloading jupyter-1.1.1-py2.py3-none-any.whl.metadata (2.0 kB)
Collecting filelock (from torch<3,>=2.2->-r requirements.txt (line 1))
  Downloading filelock-4.0.1-py3-none-any.whl.metadata (2.0 kB)
Collecting typing-extensions>=4.10.0 (from torch<3,>=2.2->-r requirements.txt (line 1))
  Downloading typing_extensions-4.16.0-py3-none-any.whl.metadata (3.3 kB)
Collecting setuptools>=77.0.3 (from torch<3,>=2.2->-r requirements.txt (line 1))
  Downloading setuptools-84.0.0-py3-none-any.whl.metadata (6.6 kB)
Collecting sympy>=1.13.3 (from torch<3,>=2.2->-r requirements.txt (line 1))
  Downloading sympy-1.14.0-py3-none-any.whl.metadata (12 kB)
Collecting networkx>=2.5.1 (from torch<3,>=2.2->-r requirements.txt (line 1))
  Downloading networkx-3.7-py3-none-any.whl.metadata (6.7 kB)
Collecting jinja2 (from torch<3,>=2.2->-r requirements.txt (line 1))
  Downloading jinja2-3.1.6-py3-none-any.whl.metadata (2.9 kB)
Collecting fsspec>=0.8.5 (from torch<3,>=2.2->-r requirements.txt (line 1))
  Downloading fsspec-2026.9.0-py3-none-any.whl.metadata (10 kB)
Collecting jupyter-client>=7.0.0 (from nbclient)
  Downloading jupyter_client-8.10.0-py3-none-any.whl.metadata (8.5 kB)
Collecting jupyter-core>=5.4.0 (from nbclient)
  Downloading jupyter_core-5.9.1-py3-none-any.whl.metadata (1.5 kB)
Collecting nbformat>=5.2.0 (from nbclient)
  Downloading nbformat-5.11.1-py3-none-any.whl.metadata (3.7 kB)
Collecting traitlets>=5.13 (from nbclient)
  Downloading traitlets-5.16.1-py3-none-any.whl.metadata (10 kB)
Collecting beautifulsoup4 (from nbconvert)
  Downloading beautifulsoup4-4.15.0-py3-none-any.whl.metadata (3.8 kB)
Collecting bleach!=5.0.0 (from bleach[css]!=5.0.0->nbconvert)
  Downloading bleach-6.4.0-py3-none-any.whl.metadata (32 kB)
Collecting defusedxml (from nbconvert)
  Downloading defusedxml-0.7.1-py2.py3-none-any.whl.metadata (32 kB)
Collecting jupyterlab-pygments (from nbconvert)
  Downloading jupyterlab_pygments-0.3.0-py3-none-any.whl.metadata (4.4 kB)
Collecting markupsafe>=2.0 (from nbconvert)
  Downloading markupsafe-3.0.3-cp313-cp313-macosx_11_0_arm64.whl.metadata (2.7 kB)
Collecting mistune<4,>=2.0.3 (from nbconvert)
  Downloading mistune-3.3.4-py3-none-any.whl.metadata (1.9 kB)
Collecting packaging (from nbconvert)
  Downloading packaging-26.3-py3-none-any.whl.metadata (3.5 kB)
Collecting pandocfilters>=1.4.1 (from nbconvert)
  Downloading pandocfilters-1.5.1-py2.py3-none-any.whl.metadata (9.0 kB)
Collecting pygments>=2.4.1 (from nbconvert)
  Downloading pygments-2.21.0-py3-none-any.whl.metadata (2.5 kB)
Collecting appnope>=0.1.2 (from ipykernel)
  Downloading appnope-1.0.0-py3-none-any.whl.metadata (982 bytes)
Collecting comm>=0.1.1 (from ipykernel)
  Downloading comm-0.2.3-py3-none-any.whl.metadata (3.7 kB)
Collecting debugpy>=1.6.5 (from ipykernel)
  Downloading debugpy-1.8.22-cp313-cp313-macosx_15_0_universal2.whl.metadata (1.4 kB)
Collecting ipython>=7.23.1 (from ipykernel)
  Downloading ipython-9.17.1-py3-none-any.whl.metadata (4.6 kB)
Collecting matplotlib-inline>=0.1 (from ipykernel)
  Downloading matplotlib_inline-0.2.2-py3-none-any.whl.metadata (2.4 kB)
Collecting nest-asyncio2>=1.7.0 (from ipykernel)
  Downloading nest_asyncio2-1.7.3-py3-none-any.whl.metadata (6.7 kB)
Collecting psutil>=5.7 (from ipykernel)
  Downloading psutil-7.2.2-cp36-abi3-macosx_11_0_arm64.whl.metadata (22 kB)
Collecting pyzmq>=25 (from ipykernel)
  Downloading pyzmq-27.2.0-cp312-abi3-macosx_10_15_universal2.whl.metadata (3.8 kB)
Collecting tornado>=6.4.1 (from ipykernel)
  Downloading tornado-6.5.10-cp39-abi3-macosx_10_9_universal2.whl.metadata (2.8 kB)
Collecting notebook (from jupyter>=1.0->-r requirements.txt (line 4))
  Downloading notebook-7.6.3-py3-none-any.whl.metadata (10 kB)
Collecting jupyter-console (from jupyter>=1.0->-r requirements.txt (line 4))
  Downloading jupyter_console-6.6.3-py3-none-any.whl.metadata (5.8 kB)
Collecting ipywidgets (from jupyter>=1.0->-r requirements.txt (line 4))
  Downloading ipywidgets-8.1.9-py3-none-any.whl.metadata (2.4 kB)
Collecting jupyterlab (from jupyter>=1.0->-r requirements.txt (line 4))
  Downloading jupyterlab-4.6.4-py3-none-any.whl.metadata (16 kB)
Collecting webencodings (from bleach!=5.0.0->bleach[css]!=5.0.0->nbconvert)
  Downloading webencodings-0.6.1-py3-none-any.whl.metadata (3.4 kB)
Collecting tinycss2>=1.1.0 (from bleach[css]!=5.0.0->nbconvert)
  Downloading tinycss2-1.5.1-py3-none-any.whl.metadata (3.0 kB)
Collecting ipython-pygments-lexers>=1.0.0 (from ipython>=7.23.1->ipykernel)
  Downloading ipython_pygments_lexers-1.1.1-py3-none-any.whl.metadata (1.1 kB)
Collecting jedi>=0.18.2 (from ipython>=7.23.1->ipykernel)
  Downloading jedi-0.20.0-py2.py3-none-any.whl.metadata (23 kB)
Collecting pexpect>4.6 (from ipython>=7.23.1->ipykernel)
  Downloading pexpect-4.9.0-py2.py3-none-any.whl.metadata (2.5 kB)
Collecting prompt_toolkit<3.1.0,>=3.0.41 (from ipython>=7.23.1->ipykernel)
  Downloading prompt_toolkit-3.0.53-py3-none-any.whl.metadata (6.4 kB)
Collecting stack_data>=0.6.0 (from ipython>=7.23.1->ipykernel)
  Downloading stack_data-0.6.3-py3-none-any.whl.metadata (18 kB)
Collecting wcwidth>=0.1.4 (from prompt_toolkit<3.1.0,>=3.0.41->ipython>=7.23.1->ipykernel)
  Downloading wcwidth-0.8.4-py3-none-any.whl.metadata (23 kB)
Collecting parso<0.9.0,>=0.8.6 (from jedi>=0.18.2->ipython>=7.23.1->ipykernel)
  Downloading parso-0.8.7-py2.py3-none-any.whl.metadata (8.2 kB)
Collecting python-dateutil>=2.8.2 (from jupyter-client>=7.0.0->nbclient)
  Downloading python_dateutil-2.9.0.post0-py2.py3-none-any.whl.metadata (8.4 kB)
Collecting platformdirs>=2.5 (from jupyter-core>=5.4.0->nbclient)
  Downloading platformdirs-4.11.12-py3-none-any.whl.metadata (5.5 kB)
Collecting fastjsonschema>=2.15 (from nbformat>=5.2.0->nbclient)
  Downloading fastjsonschema-2.22.2-py3-none-any.whl.metadata (2.1 kB)
Collecting jsonschema>=2.6 (from nbformat>=5.2.0->nbclient)
  Downloading jsonschema-4.26.0-py3-none-any.whl.metadata (7.6 kB)
Collecting attrs>=22.2.0 (from jsonschema>=2.6->nbformat>=5.2.0->nbclient)
  Downloading attrs-26.1.0-py3-none-any.whl.metadata (8.8 kB)
Collecting jsonschema-specifications>=2023.03.6 (from jsonschema>=2.6->nbformat>=5.2.0->nbclient)
  Downloading jsonschema_specifications-2025.9.1-py3-none-any.whl.metadata (2.9 kB)
Collecting referencing>=0.28.4 (from jsonschema>=2.6->nbformat>=5.2.0->nbclient)
  Downloading referencing-0.37.0-py3-none-any.whl.metadata (2.8 kB)
Collecting rpds-py>=0.25.0 (from jsonschema>=2.6->nbformat>=5.2.0->nbclient)
  Downloading rpds_py-2026.6.3-cp313-cp313-macosx_11_0_arm64.whl.metadata (4.1 kB)
Collecting ptyprocess>=0.5 (from pexpect>4.6->ipython>=7.23.1->ipykernel)
  Downloading ptyprocess-0.7.0-py2.py3-none-any.whl.metadata (1.3 kB)
Collecting six>=1.5 (from python-dateutil>=2.8.2->jupyter-client>=7.0.0->nbclient)
  Downloading six-1.17.0-py2.py3-none-any.whl.metadata (1.7 kB)
Collecting executing>=1.2.0 (from stack_data>=0.6.0->ipython>=7.23.1->ipykernel)
  Downloading executing-2.2.1-py2.py3-none-any.whl.metadata (8.9 kB)
Collecting asttokens>=2.1.0 (from stack_data>=0.6.0->ipython>=7.23.1->ipykernel)
  Downloading asttokens-3.0.2-py3-none-any.whl.metadata (5.7 kB)
Collecting pure-eval (from stack_data>=0.6.0->ipython>=7.23.1->ipykernel)
  Downloading pure_eval-0.2.4-py3-none-any.whl.metadata (6.4 kB)
Collecting mpmath<1.4,>=1.1.0 (from sympy>=1.13.3->torch<3,>=2.2->-r requirements.txt (line 1))
  Downloading mpmath-1.3.0-py3-none-any.whl.metadata (8.6 kB)
Collecting soupsieve>=1.6.1 (from beautifulsoup4->nbconvert)
  Downloading soupsieve-2.9.2-py3-none-any.whl.metadata (4.6 kB)
Collecting widgetsnbextension~=4.0.16 (from ipywidgets->jupyter>=1.0->-r requirements.txt (line 4))
  Downloading widgetsnbextension-4.0.16-py3-none-any.whl.metadata (1.6 kB)
Collecting jupyterlab_widgets~=3.0.17 (from ipywidgets->jupyter>=1.0->-r requirements.txt (line 4))
  Downloading jupyterlab_widgets-3.0.17-py3-none-any.whl.metadata (20 kB)
Collecting async-lru>=1.0.0 (from jupyterlab->jupyter>=1.0->-r requirements.txt (line 4))
  Downloading async_lru-2.3.0-py3-none-any.whl.metadata (7.6 kB)
Collecting httpx<1,>=0.25.0 (from jupyterlab->jupyter>=1.0->-r requirements.txt (line 4))
  Downloading httpx-0.28.1-py3-none-any.whl.metadata (7.1 kB)
Collecting jupyter-builder>=1.0.2 (from jupyterlab->jupyter>=1.0->-r requirements.txt (line 4))
  Downloading jupyter_builder-1.2.3-py3-none-any.whl.metadata (7.8 kB)
Collecting jupyter-lsp>=2.0.0 (from jupyterlab->jupyter>=1.0->-r requirements.txt (line 4))
  Downloading jupyter_lsp-2.3.1-py3-none-any.whl.metadata (1.8 kB)
Collecting jupyter-server<3,>=2.19.0 (from jupyterlab->jupyter>=1.0->-r requirements.txt (line 4))
  Downloading jupyter_server-2.21.1-py3-none-any.whl.metadata (8.5 kB)
Collecting jupyterlab-server<3,>=2.28.0 (from jupyterlab->jupyter>=1.0->-r requirements.txt (line 4))
  Downloading jupyterlab_server-2.28.1-py3-none-any.whl.metadata (5.8 kB)
Collecting notebook-shim>=0.2 (from jupyterlab->jupyter>=1.0->-r requirements.txt (line 4))
  Downloading notebook_shim-0.2.4-py3-none-any.whl.metadata (4.0 kB)
Collecting anyio (from httpx<1,>=0.25.0->jupyterlab->jupyter>=1.0->-r requirements.txt (line 4))
  Downloading anyio-4.15.1-py3-none-any.whl.metadata (4.7 kB)
Collecting certifi (from httpx<1,>=0.25.0->jupyterlab->jupyter>=1.0->-r requirements.txt (line 4))
  Downloading certifi-2026.7.22-py3-none-any.whl.metadata (2.5 kB)
Collecting httpcore==1.* (from httpx<1,>=0.25.0->jupyterlab->jupyter>=1.0->-r requirements.txt (line 4))
  Downloading httpcore-1.0.9-py3-none-any.whl.metadata (21 kB)
Collecting idna (from httpx<1,>=0.25.0->jupyterlab->jupyter>=1.0->-r requirements.txt (line 4))
  Downloading idna-3.20-py3-none-any.whl.metadata (7.2 kB)
Collecting h11>=0.16 (from httpcore==1.*->httpx<1,>=0.25.0->jupyterlab->jupyter>=1.0->-r requirements.txt (line 4))
  Downloading h11-0.16.0-py3-none-any.whl.metadata (8.3 kB)
Collecting argon2-cffi>=21.1 (from jupyter-server<3,>=2.19.0->jupyterlab->jupyter>=1.0->-r requirements.txt (line 4))
  Downloading argon2_cffi-25.1.0-py3-none-any.whl.metadata (4.1 kB)
Collecting jupyter-events>=0.11.0 (from jupyter-server<3,>=2.19.0->jupyterlab->jupyter>=1.0->-r requirements.txt (line 4))
  Downloading jupyter_events-0.12.1-py3-none-any.whl.metadata (5.8 kB)
Collecting jupyter-server-terminals>=0.4.4 (from jupyter-server<3,>=2.19.0->jupyterlab->jupyter>=1.0->-r requirements.txt (line 4))
  Downloading jupyter_server_terminals-0.5.4-py3-none-any.whl.metadata (5.9 kB)
Collecting prometheus-client>=0.9 (from jupyter-server<3,>=2.19.0->jupyterlab->jupyter>=1.0->-r requirements.txt (line 4))
  Downloading prometheus_client-0.26.0-py3-none-any.whl.metadata (2.1 kB)
Collecting send2trash>=1.8.2 (from jupyter-server<3,>=2.19.0->jupyterlab->jupyter>=1.0->-r requirements.txt (line 4))
  Downloading send2trash-2.1.0-py3-none-any.whl.metadata (4.1 kB)
Collecting terminado>=0.8.3 (from jupyter-server<3,>=2.19.0->jupyterlab->jupyter>=1.0->-r requirements.txt (line 4))
  Downloading terminado-0.18.1-py3-none-any.whl.metadata (5.8 kB)
Collecting websocket-client>=1.7 (from jupyter-server<3,>=2.19.0->jupyterlab->jupyter>=1.0->-r requirements.txt (line 4))
  Downloading websocket_client-1.9.2-py3-none-any.whl.metadata (8.3 kB)
Collecting babel>=2.10 (from jupyterlab-server<3,>=2.28.0->jupyterlab->jupyter>=1.0->-r requirements.txt (line 4))
  Downloading babel-2.18.0-py3-none-any.whl.metadata (2.2 kB)
Collecting json5>=0.9.0 (from jupyterlab-server<3,>=2.28.0->jupyterlab->jupyter>=1.0->-r requirements.txt (line 4))
  Downloading json5-0.15.0-py3-none-any.whl.metadata (37 kB)
Collecting requests>=2.31 (from jupyterlab-server<3,>=2.28.0->jupyterlab->jupyter>=1.0->-r requirements.txt (line 4))
  Downloading requests-2.34.2-py3-none-any.whl.metadata (4.8 kB)
Collecting argon2-cffi-bindings (from argon2-cffi>=21.1->jupyter-server<3,>=2.19.0->jupyterlab->jupyter>=1.0->-r requirements.txt (line 4))
  Downloading argon2_cffi_bindings-26.1.0-cp310-abi3-macosx_11_0_arm64.whl.metadata (7.5 kB)
Collecting python-json-logger>=2.0.4 (from jupyter-events>=0.11.0->jupyter-server<3,>=2.19.0->jupyterlab->jupyter>=1.0->-r requirements.txt (line 4))
  Downloading python_json_logger-4.2.0-py3-none-any.whl.metadata (2.9 kB)
Collecting pyyaml>=5.3 (from jupyter-events>=0.11.0->jupyter-server<3,>=2.19.0->jupyterlab->jupyter>=1.0->-r requirements.txt (line 4))
  Downloading pyyaml-6.0.3-cp313-cp313-macosx_11_0_arm64.whl.metadata (2.4 kB)
Collecting rfc3339-validator (from jupyter-events>=0.11.0->jupyter-server<3,>=2.19.0->jupyterlab->jupyter>=1.0->-r requirements.txt (line 4))
  Downloading rfc3339_validator-0.1.4-py2.py3-none-any.whl.metadata (1.5 kB)
Collecting rfc3986-validator>=0.1.1 (from jupyter-events>=0.11.0->jupyter-server<3,>=2.19.0->jupyterlab->jupyter>=1.0->-r requirements.txt (line 4))
  Downloading rfc3986_validator-0.1.1-py2.py3-none-any.whl.metadata (1.7 kB)
Collecting fqdn (from jsonschema[format-nongpl]>=4.18.0->jupyter-events>=0.11.0->jupyter-server<3,>=2.19.0->jupyterlab->jupyter>=1.0->-r requirements.txt (line 4))
  Downloading fqdn-1.5.1-py3-none-any.whl.metadata (1.4 kB)
Collecting isoduration (from jsonschema[format-nongpl]>=4.18.0->jupyter-events>=0.11.0->jupyter-server<3,>=2.19.0->jupyterlab->jupyter>=1.0->-r requirements.txt (line 4))
  Downloading isoduration-20.11.0-py3-none-any.whl.metadata (5.7 kB)
Collecting jsonpointer>1.13 (from jsonschema[format-nongpl]>=4.18.0->jupyter-events>=0.11.0->jupyter-server<3,>=2.19.0->jupyterlab->jupyter>=1.0->-r requirements.txt (line 4))
  Downloading jsonpointer-3.1.1-py3-none-any.whl.metadata (2.4 kB)
Collecting rfc3987-syntax>=1.1.0 (from jsonschema[format-nongpl]>=4.18.0->jupyter-events>=0.11.0->jupyter-server<3,>=2.19.0->jupyterlab->jupyter>=1.0->-r requirements.txt (line 4))
  Downloading rfc3987_syntax-1.1.0-py3-none-any.whl.metadata (7.7 kB)
Collecting uri-template (from jsonschema[format-nongpl]>=4.18.0->jupyter-events>=0.11.0->jupyter-server<3,>=2.19.0->jupyterlab->jupyter>=1.0->-r requirements.txt (line 4))
  Downloading uri_template-1.3.0-py3-none-any.whl.metadata (8.8 kB)
Collecting webcolors>=24.6.0 (from jsonschema[format-nongpl]>=4.18.0->jupyter-events>=0.11.0->jupyter-server<3,>=2.19.0->jupyterlab->jupyter>=1.0->-r requirements.txt (line 4))
  Downloading webcolors-25.10.0-py3-none-any.whl.metadata (2.2 kB)
Collecting charset_normalizer<4,>=2 (from requests>=2.31->jupyterlab-server<3,>=2.28.0->jupyterlab->jupyter>=1.0->-r requirements.txt (line 4))
  Downloading charset_normalizer-3.5.1-cp313-cp313-macosx_10_13_universal2.whl.metadata (45 kB)
Collecting urllib3<3,>=1.26 (from requests>=2.31->jupyterlab-server<3,>=2.28.0->jupyterlab->jupyter>=1.0->-r requirements.txt (line 4))
  Downloading urllib3-2.8.0-py3-none-any.whl.metadata (7.4 kB)
Collecting lark>=1.2.2 (from rfc3987-syntax>=1.1.0->jsonschema[format-nongpl]>=4.18.0->jupyter-events>=0.11.0->jupyter-server<3,>=2.19.0->jupyterlab->jupyter>=1.0->-r requirements.txt (line 4))
  Downloading lark-1.3.1-py3-none-any.whl.metadata (1.8 kB)
Collecting cffi>=1.0.1 (from argon2-cffi-bindings->argon2-cffi>=21.1->jupyter-server<3,>=2.19.0->jupyterlab->jupyter>=1.0->-r requirements.txt (line 4))
  Downloading cffi-2.1.1-cp313-cp313-macosx_11_0_arm64.whl.metadata (2.5 kB)
Collecting pycparser (from cffi>=1.0.1->argon2-cffi-bindings->argon2-cffi>=21.1->jupyter-server<3,>=2.19.0->jupyterlab->jupyter>=1.0->-r requirements.txt (line 4))
  Downloading pycparser-3.0-py3-none-any.whl.metadata (8.2 kB)
Collecting arrow>=0.15.0 (from isoduration->jsonschema[format-nongpl]>=4.18.0->jupyter-events>=0.11.0->jupyter-server<3,>=2.19.0->jupyterlab->jupyter>=1.0->-r requirements.txt (line 4))
  Downloading arrow-1.4.0-py3-none-any.whl.metadata (7.7 kB)
Collecting tzdata (from arrow>=0.15.0->isoduration->jsonschema[format-nongpl]>=4.18.0->jupyter-events>=0.11.0->jupyter-server<3,>=2.19.0->jupyterlab->jupyter>=1.0->-r requirements.txt (line 4))
  Downloading tzdata-2026.4-py2.py3-none-any.whl.metadata (1.4 kB)
Downloading torch-2.14.0-cp313-cp313-macosx_14_0_arm64.whl (127.3 MB)
   ━━━━━━━━━━━━━━━━━━━━━━━━━━━━━━━━━━━━━━━━ 127.3/127.3 MB 23.6 MB/s  0:00:05
Downloading pypdf-6.19.0-py3-none-any.whl (395 kB)
Downloading nbclient-0.11.0-py3-none-any.whl (25 kB)
Downloading nbconvert-7.17.1-py3-none-any.whl (261 kB)
Downloading mistune-3.3.4-py3-none-any.whl (66 kB)
Downloading ipykernel-7.3.0-py3-none-any.whl (120 kB)
Downloading jupyter-1.1.1-py2.py3-none-any.whl (2.7 kB)
Downloading appnope-1.0.0-py3-none-any.whl (4.2 kB)
Downloading bleach-6.4.0-py3-none-any.whl (165 kB)
Downloading comm-0.2.3-py3-none-any.whl (7.3 kB)
Downloading debugpy-1.8.22-cp313-cp313-macosx_15_0_universal2.whl (2.5 MB)
   ━━━━━━━━━━━━━━━━━━━━━━━━━━━━━━━━━━━━━━━━ 2.5/2.5 MB 29.4 MB/s  0:00:00
Downloading fsspec-2026.9.0-py3-none-any.whl (221 kB)
Downloading ipython-9.17.1-py3-none-any.whl (639 kB)
   ━━━━━━━━━━━━━━━━━━━━━━━━━━━━━━━━━━━━━━━━ 639.0/639.0 kB 18.0 MB/s  0:00:00
Downloading prompt_toolkit-3.0.53-py3-none-any.whl (392 kB)
Downloading ipython_pygments_lexers-1.1.1-py3-none-any.whl (8.1 kB)
Downloading jedi-0.20.0-py2.py3-none-any.whl (4.9 MB)
   ━━━━━━━━━━━━━━━━━━━━━━━━━━━━━━━━━━━━━━━━ 4.9/4.9 MB 27.4 MB/s  0:00:00
Downloading parso-0.8.7-py2.py3-none-any.whl (107 kB)
Downloading jinja2-3.1.6-py3-none-any.whl (134 kB)
Downloading jupyter_client-8.10.0-py3-none-any.whl (110 kB)
Downloading jupyter_core-5.9.1-py3-none-any.whl (29 kB)
Downloading markupsafe-3.0.3-cp313-cp313-macosx_11_0_arm64.whl (12 kB)
Downloading matplotlib_inline-0.2.2-py3-none-any.whl (9.5 kB)
Downloading nbformat-5.11.1-py3-none-any.whl (79 kB)
Downloading fastjsonschema-2.22.2-py3-none-any.whl (27 kB)
Downloading jsonschema-4.26.0-py3-none-any.whl (90 kB)
Downloading attrs-26.1.0-py3-none-any.whl (67 kB)
Downloading jsonschema_specifications-2025.9.1-py3-none-any.whl (18 kB)
Downloading nest_asyncio2-1.7.3-py3-none-any.whl (8.4 kB)
Downloading networkx-3.7-py3-none-any.whl (2.1 MB)
   ━━━━━━━━━━━━━━━━━━━━━━━━━━━━━━━━━━━━━━━━ 2.1/2.1 MB 32.8 MB/s  0:00:00
Downloading packaging-26.3-py3-none-any.whl (129 kB)
Downloading pandocfilters-1.5.1-py2.py3-none-any.whl (8.7 kB)
Downloading pexpect-4.9.0-py2.py3-none-any.whl (63 kB)
Downloading platformdirs-4.11.12-py3-none-any.whl (24 kB)
Downloading psutil-7.2.2-cp36-abi3-macosx_11_0_arm64.whl (129 kB)
Downloading ptyprocess-0.7.0-py2.py3-none-any.whl (13 kB)
Downloading pygments-2.21.0-py3-none-any.whl (1.3 MB)
   ━━━━━━━━━━━━━━━━━━━━━━━━━━━━━━━━━━━━━━━━ 1.3/1.3 MB 31.3 MB/s  0:00:00
Downloading python_dateutil-2.9.0.post0-py2.py3-none-any.whl (229 kB)
Downloading pyzmq-27.2.0-cp312-abi3-macosx_10_15_universal2.whl (1.4 MB)
   ━━━━━━━━━━━━━━━━━━━━━━━━━━━━━━━━━━━━━━━━ 1.4/1.4 MB 33.7 MB/s  0:00:00
Downloading referencing-0.37.0-py3-none-any.whl (26 kB)
Downloading rpds_py-2026.6.3-cp313-cp313-macosx_11_0_arm64.whl (338 kB)
Downloading setuptools-84.0.0-py3-none-any.whl (818 kB)
   ━━━━━━━━━━━━━━━━━━━━━━━━━━━━━━━━━━━━━━━━ 818.2/818.2 kB 22.7 MB/s  0:00:00
Downloading six-1.17.0-py2.py3-none-any.whl (11 kB)
Downloading stack_data-0.6.3-py3-none-any.whl (24 kB)
Downloading asttokens-3.0.2-py3-none-any.whl (28 kB)
Downloading executing-2.2.1-py2.py3-none-any.whl (28 kB)
Downloading sympy-1.14.0-py3-none-any.whl (6.3 MB)
   ━━━━━━━━━━━━━━━━━━━━━━━━━━━━━━━━━━━━━━━━ 6.3/6.3 MB 31.1 MB/s  0:00:00
Downloading mpmath-1.3.0-py3-none-any.whl (536 kB)
   ━━━━━━━━━━━━━━━━━━━━━━━━━━━━━━━━━━━━━━━━ 536.2/536.2 kB 23.0 MB/s  0:00:00
Downloading tinycss2-1.5.1-py3-none-any.whl (28 kB)
Downloading tornado-6.5.10-cp39-abi3-macosx_10_9_universal2.whl (465 kB)
Downloading traitlets-5.16.1-py3-none-any.whl (86 kB)
Downloading typing_extensions-4.16.0-py3-none-any.whl (45 kB)
Downloading wcwidth-0.8.4-py3-none-any.whl (299 kB)
Downloading webencodings-0.6.1-py3-none-any.whl (8.7 kB)
Downloading beautifulsoup4-4.15.0-py3-none-any.whl (109 kB)
Downloading soupsieve-2.9.2-py3-none-any.whl (37 kB)
Downloading defusedxml-0.7.1-py2.py3-none-any.whl (25 kB)
Downloading filelock-4.0.1-py3-none-any.whl (106 kB)
Downloading ipywidgets-8.1.9-py3-none-any.whl (140 kB)
Downloading jupyterlab_widgets-3.0.17-py3-none-any.whl (217 kB)
Downloading widgetsnbextension-4.0.16-py3-none-any.whl (2.2 MB)
   ━━━━━━━━━━━━━━━━━━━━━━━━━━━━━━━━━━━━━━━━ 2.2/2.2 MB 18.9 MB/s  0:00:00
Downloading jupyter_console-6.6.3-py3-none-any.whl (24 kB)
Downloading jupyterlab-4.6.4-py3-none-any.whl (17.2 MB)
   ━━━━━━━━━━━━━━━━━━━━━━━━━━━━━━━━━━━━━━━━ 17.2/17.2 MB 29.6 MB/s  0:00:00
Downloading httpx-0.28.1-py3-none-any.whl (73 kB)
Downloading httpcore-1.0.9-py3-none-any.whl (78 kB)
Downloading jupyter_server-2.21.1-py3-none-any.whl (394 kB)
Downloading jupyterlab_server-2.28.1-py3-none-any.whl (60 kB)
Downloading anyio-4.15.1-py3-none-any.whl (132 kB)
Downloading argon2_cffi-25.1.0-py3-none-any.whl (14 kB)
Downloading async_lru-2.3.0-py3-none-any.whl (8.4 kB)
Downloading babel-2.18.0-py3-none-any.whl (10.2 MB)
   ━━━━━━━━━━━━━━━━━━━━━━━━━━━━━━━━━━━━━━━━ 10.2/10.2 MB 26.5 MB/s  0:00:00
Downloading h11-0.16.0-py3-none-any.whl (37 kB)
Downloading idna-3.20-py3-none-any.whl (69 kB)
Downloading json5-0.15.0-py3-none-any.whl (36 kB)
Downloading jupyter_builder-1.2.3-py3-none-any.whl (947 kB)
   ━━━━━━━━━━━━━━━━━━━━━━━━━━━━━━━━━━━━━━━━ 947.5/947.5 kB 35.2 MB/s  0:00:00
Downloading jupyter_events-0.12.1-py3-none-any.whl (19 kB)
Downloading jsonpointer-3.1.1-py3-none-any.whl (7.7 kB)
Downloading jupyter_lsp-2.3.1-py3-none-any.whl (77 kB)
Downloading jupyter_server_terminals-0.5.4-py3-none-any.whl (13 kB)
Downloading notebook_shim-0.2.4-py3-none-any.whl (13 kB)
Downloading prometheus_client-0.26.0-py3-none-any.whl (64 kB)
Downloading python_json_logger-4.2.0-py3-none-any.whl (14 kB)
Downloading pyyaml-6.0.3-cp313-cp313-macosx_11_0_arm64.whl (173 kB)
Downloading requests-2.34.2-py3-none-any.whl (73 kB)
Downloading charset_normalizer-3.5.1-cp313-cp313-macosx_10_13_universal2.whl (340 kB)
Downloading urllib3-2.8.0-py3-none-any.whl (135 kB)
Downloading certifi-2026.7.22-py3-none-any.whl (136 kB)
Downloading rfc3986_validator-0.1.1-py2.py3-none-any.whl (4.2 kB)
Downloading rfc3987_syntax-1.1.0-py3-none-any.whl (8.0 kB)
Downloading lark-1.3.1-py3-none-any.whl (113 kB)
Downloading send2trash-2.1.0-py3-none-any.whl (17 kB)
Downloading terminado-0.18.1-py3-none-any.whl (14 kB)
Downloading webcolors-25.10.0-py3-none-any.whl (14 kB)
Downloading websocket_client-1.9.2-py3-none-any.whl (95 kB)
Downloading argon2_cffi_bindings-26.1.0-cp310-abi3-macosx_11_0_arm64.whl (25 kB)
Downloading cffi-2.1.1-cp313-cp313-macosx_11_0_arm64.whl (184 kB)
Downloading fqdn-1.5.1-py3-none-any.whl (9.1 kB)
Downloading isoduration-20.11.0-py3-none-any.whl (11 kB)
Downloading arrow-1.4.0-py3-none-any.whl (68 kB)
Downloading jupyterlab_pygments-0.3.0-py3-none-any.whl (15 kB)
Downloading notebook-7.6.3-py3-none-any.whl (5.5 MB)
   ━━━━━━━━━━━━━━━━━━━━━━━━━━━━━━━━━━━━━━━━ 5.5/5.5 MB 29.4 MB/s  0:00:00
Downloading pure_eval-0.2.4-py3-none-any.whl (11 kB)
Downloading pycparser-3.0-py3-none-any.whl (48 kB)
Downloading rfc3339_validator-0.1.4-py2.py3-none-any.whl (3.5 kB)
Downloading tzdata-2026.4-py2.py3-none-any.whl (347 kB)
Downloading uri_template-1.3.0-py3-none-any.whl (11 kB)
Installing collected packages: pure-eval, ptyprocess, mpmath, widgetsnbextension, websocket-client, webencodings, webcolors, wcwidth, urllib3, uri-template, tzdata, typing-extensions, traitlets, tornado, sympy, soupsieve, six, setuptools, send2trash, rpds-py, rfc3986-validator, pyzmq, pyyaml, python-json-logger, pypdf, pygments, pycparser, psutil, prometheus-client, platformdirs, pexpect, parso, pandocfilters, packaging, networkx, nest-asyncio2, mistune, markupsafe, lark, jupyterlab_widgets, jupyterlab-pygments, jsonpointer, json5, idna, h11, fsspec, fqdn, filelock, fastjsonschema, executing, defusedxml, debugpy, comm, charset_normalizer, certifi, babel, attrs, async-lru, asttokens, appnope, tinycss2, terminado, stack_data, rfc3987-syntax, rfc3339-validator, requests, referencing, python-dateutil, prompt_toolkit, matplotlib-inline, jupyter-core, jinja2, jedi, ipython-pygments-lexers, httpcore, cffi, bleach, beautifulsoup4, anyio, torch, jupyter-server-terminals, jupyter-client, jupyter-builder, jsonschema-specifications, ipython, httpx, arrow, argon2-cffi-bindings, jsonschema, isoduration, ipywidgets, ipykernel, argon2-cffi, nbformat, jupyter-console, nbclient, jupyter-events, nbconvert, jupyter-server, notebook-shim, jupyterlab-server, jupyter-lsp, jupyterlab, notebook, jupyter

Successfully installed anyio-4.15.1 appnope-1.0.0 argon2-cffi-25.1.0 argon2-cffi-bindings-26.1.0 arrow-1.4.0 asttokens-3.0.2 async-lru-2.3.0 attrs-26.1.0 babel-2.18.0 beautifulsoup4-4.15.0 bleach-6.4.0 certifi-2026.7.22 cffi-2.1.1 charset_normalizer-3.5.1 comm-0.2.3 debugpy-1.8.22 defusedxml-0.7.1 executing-2.2.1 fastjsonschema-2.22.2 filelock-4.0.1 fqdn-1.5.1 fsspec-2026.9.0 h11-0.16.0 httpcore-1.0.9 httpx-0.28.1 idna-3.20 ipykernel-7.3.0 ipython-9.17.1 ipython-pygments-lexers-1.1.1 ipywidgets-8.1.9 isoduration-20.11.0 jedi-0.20.0 jinja2-3.1.6 json5-0.15.0 jsonpointer-3.1.1 jsonschema-4.26.0 jsonschema-specifications-2025.9.1 jupyter-1.1.1 jupyter-builder-1.2.3 jupyter-client-8.10.0 jupyter-console-6.6.3 jupyter-core-5.9.1 jupyter-events-0.12.1 jupyter-lsp-2.3.1 jupyter-server-2.21.1 jupyter-server-terminals-0.5.4 jupyterlab-4.6.4 jupyterlab-pygments-0.3.0 jupyterlab-server-2.28.1 jupyterlab_widgets-3.0.17 lark-1.3.1 markupsafe-3.0.3 matplotlib-inline-0.2.2 mistune-3.3.4 mpmath-1.3.0 nbclient-0.11.0 nbconvert-7.17.1 nbformat-5.11.1 nest-asyncio2-1.7.3 networkx-3.7 notebook-7.6.3 notebook-shim-0.2.4 packaging-26.3 pandocfilters-1.5.1 parso-0.8.7 pexpect-4.9.0 platformdirs-4.11.12 prometheus-client-0.26.0 prompt_toolkit-3.0.53 psutil-7.2.2 ptyprocess-0.7.0 pure-eval-0.2.4 pycparser-3.0 pygments-2.21.0 pypdf-6.19.0 python-dateutil-2.9.0.post0 python-json-logger-4.2.0 pyyaml-6.0.3 pyzmq-27.2.0 referencing-0.37.0 requests-2.34.2 rfc3339-validator-0.1.4 rfc3986-validator-0.1.1 rfc3987-syntax-1.1.0 rpds-py-2026.6.3 send2trash-2.1.0 setuptools-84.0.0 six-1.17.0 soupsieve-2.9.2 stack_data-0.6.3 sympy-1.14.0 terminado-0.18.1 tinycss2-1.5.1 torch-2.14.0 tornado-6.5.10 traitlets-5.16.1 typing-extensions-4.16.0 tzdata-2026.4 uri-template-1.3.0 urllib3-2.8.0 wcwidth-0.8.4 webcolors-25.10.0 webencodings-0.6.1 websocket-client-1.9.2 widgetsnbextension-4.0.16
Collecting numpy
  Downloading numpy-2.5.3-cp313-cp313-macosx_14_0_arm64.whl.metadata (6.6 kB)
Downloading numpy-2.5.3-cp313-cp313-macosx_14_0_arm64.whl (5.4 MB)
   ━━━━━━━━━━━━━━━━━━━━━━━━━━━━━━━━━━━━━━━━ 5.4/5.4 MB 36.9 MB/s  0:00:00
Installing collected packages: numpy
Successfully installed numpy-2.5.3
